---
source: tests/cli_tests.rs
expression: stderr
---
View your GitHub PRs summary

Usage: gh-log <COMMAND>

Commands:
  view    Open interactive TUI to view PRs
  print   Print PRs to terminal
  config  Show or create configuration file
  doctor  Check system requirements and show diagnostics
  help    Print this message or the help of the given subcommand(s)

Options:
  -h, --help     Print help
  -V, --version  Print version
