---
source: tests/cli_tests.rs
expression: stdout
---
Navigate PRs with an interactive terminal UI.

VIEWS:
  s - Summary (weekly & repo stats)
  d - Detail (cycle: by week ↔ by repo)
  t - Tail (all PRs sorted by lead time)

NAVIGATION:
  ↑↓ or j/k - Scroll up/down
  q or Esc  - Quit

EXAMPLES:
  gh-log view                     # Current month interactive view
  gh-log view --month 2025-12     # View December 2025 data
  gh-log view --month 2024-01     # View old data (cached permanently)
  gh-log view --force             # Bypass cache, fetch fresh from GitHub

USE CASES:
  - Quick overview of your monthly PRs
  - Identify weeks with high/low activity
  - Find PRs with longest lead times
  - Check which repos you contributed to most

Usage: gh-log view [OPTIONS]

Options:
      --month <YYYY-MM>
          Month in format YYYY-MM, e.g. 2025-11 (defaults to current month)

      --force
          Force refresh data from GitHub API, bypassing cache

  -h, --help
          Print help (see a summary with '-h')
