---
source: tests/cli_tests.rs
expression: stdout
---
Output PR data to terminal or pipe to other tools.

Discussion:
    Print PR data in various formats for different use cases:

    - Default: Human-readable text with PR descriptions
    - --json: Structured data for LLMs, scripts, or further processing
    - --csv: Spreadsheet-compatible format

    This is particularly useful for performance reviews - pipe the output
    to your clipboard, feed it to an LLM, or export to a spreadsheet.

    Data is cached after the first fetch. Use --force to bypass cache.

Examples:
    # Copy to clipboard for performance review
    gh-log print | pbcopy                    # macOS
    gh-log print | xclip -selection c        # Linux

    # Let AI write your review
    gh-log print --json | claude 'Summarize into 3 key accomplishments'

    # Export to spreadsheet
    gh-log print --csv > prs-2025-01.csv

    # Specific month with fresh data
    gh-log print --month 2024-12 --force --json

Usage: gh-log print [OPTIONS]

Options:
      --month <YYYY-MM>
          Month in format YYYY-MM, e.g. 2025-11 (defaults to current month)

      --force
          Force refresh data from GitHub API, bypassing cache

      --json
          Output data in JSON format

      --csv
          Output data in CSV format

  -h, --help
          Print help (see a summary with '-h')
