---
source: tests/cli_tests.rs
expression: stdout
---
_gh-log() {
    local i cur prev opts cmd
    COMPREPLY=()
    if [[ "${BASH_VERSINFO[0]}" -ge 4 ]]; then
        cur="$2"
    else
        cur="${COMP_WORDS[COMP_CWORD]}"
    fi
    prev="$3"
    cmd=""
    opts=""

    for i in "${COMP_WORDS[@]:0:COMP_CWORD}"
    do
        case "${cmd},${i}" in
            ",$1")
                cmd="gh__log"
                ;;
            gh__log,completions)
                cmd="gh__log__completions"
                ;;
            gh__log,config)
                cmd="gh__log__config"
                ;;
            gh__log,doctor)
                cmd="gh__log__doctor"
                ;;
            gh__log,help)
                cmd="gh__log__help"
                ;;
            gh__log,print)
                cmd="gh__log__print"
                ;;
            gh__log,view)
                cmd="gh__log__view"
                ;;
            gh__log__help,completions)
                cmd="gh__log__help__completions"
                ;;
            gh__log__help,config)
                cmd="gh__log__help__config"
                ;;
            gh__log__help,doctor)
                cmd="gh__log__help__doctor"
                ;;
            gh__log__help,help)
                cmd="gh__log__help__help"
                ;;
            gh__log__help,print)
                cmd="gh__log__help__print"
                ;;
            gh__log__help,view)
                cmd="gh__log__help__view"
                ;;
            *)
                ;;
        esac
    done

    case "${cmd}" in
        gh__log)
            opts="-h -V --help --version view print config doctor completions help"
            if [[ ${cur} == -* || ${COMP_CWORD} -eq 1 ]] ; then
                COMPREPLY=( $(compgen -W "${opts}" -- "${cur}") )
                return 0
            fi
            case "${prev}" in
                *)
                    COMPREPLY=()
                    ;;
            esac
            COMPREPLY=( $(compgen -W "${opts}" -- "${cur}") )
            return 0
            ;;
        gh__log__completions)
            opts="-h --help bash elvish fish powershell zsh"
            if [[ ${cur} == -* || ${COMP_CWORD} -eq 2 ]] ; then
                COMPREPLY=( $(compgen -W "${opts}" -- "${cur}") )
                return 0
            fi
            case "${prev}" in
                *)
                    COMPREPLY=()
                    ;;
            esac
            COMPREPLY=( $(compgen -W "${opts}" -- "${cur}") )
            return 0
            ;;
        gh__log__config)
            opts="-h --help"
            if [[ ${cur} == -* || ${COMP_CWORD} -eq 2 ]] ; then
                COMPREPLY=( $(compgen -W "${opts}" -- "${cur}") )
                return 0
            fi
            case "${prev}" in
                *)
                    COMPREPLY=()
                    ;;
            esac
            COMPREPLY=( $(compgen -W "${opts}" -- "${cur}") )
            return 0
            ;;
        gh__log__doctor)
            opts="-h --help"
            if [[ ${cur} == -* || ${COMP_CWORD} -eq 2 ]] ; then
                COMPREPLY=( $(compgen -W "${opts}" -- "${cur}") )
                return 0
            fi
            case "${prev}" in
                *)
                    COMPREPLY=()
                    ;;
            esac
            COMPREPLY=( $(compgen -W "${opts}" -- "${cur}") )
            return 0
            ;;
        gh__log__help)
            opts="view print config doctor completions help"
            if [[ ${cur} == -* || ${COMP_CWORD} -eq 2 ]] ; then
                COMPREPLY=( $(compgen -W "${opts}" -- "${cur}") )
                return 0
            fi
            case "${prev}" in
                *)
                    COMPREPLY=()
                    ;;
            esac
            COMPREPLY=( $(compgen -W "${opts}" -- "${cur}") )
            return 0
            ;;
        gh__log__help__completions)
            opts=""
            if [[ ${cur} == -* || ${COMP_CWORD} -eq 3 ]] ; then
                COMPREPLY=( $(compgen -W "${opts}" -- "${cur}") )
                return 0
            fi
            case "${prev}" in
                *)
                    COMPREPLY=()
                    ;;
            esac
            COMPREPLY=( $(compgen -W "${opts}" -- "${cur}") )
            return 0
            ;;
        gh__log__help__config)
            opts=""
            if [[ ${cur} == -* || ${COMP_CWORD} -eq 3 ]] ; then
                COMPREPLY=( $(compgen -W "${opts}" -- "${cur}") )
                return 0
            fi
            case "${prev}" in
                *)
                    COMPREPLY=()
                    ;;
            esac
            COMPREPLY=( $(compgen -W "${opts}" -- "${cur}") )
            return 0
            ;;
        gh__log__help__doctor)
            opts=""
            if [[ ${cur} == -* || ${COMP_CWORD} -eq 3 ]] ; then
                COMPREPLY=( $(compgen -W "${opts}" -- "${cur}") )
                return 0
            fi
            case "${prev}" in
                *)
                    COMPREPLY=()
                    ;;
            esac
            COMPREPLY=( $(compgen -W "${opts}" -- "${cur}") )
            return 0
            ;;
        gh__log__help__help)
            opts=""
            if [[ ${cur} == -* || ${COMP_CWORD} -eq 3 ]] ; then
                COMPREPLY=( $(compgen -W "${opts}" -- "${cur}") )
                return 0
            fi
            case "${prev}" in
                *)
                    COMPREPLY=()
                    ;;
            esac
            COMPREPLY=( $(compgen -W "${opts}" -- "${cur}") )
            return 0
            ;;
        gh__log__help__print)
            opts=""
            if [[ ${cur} == -* || ${COMP_CWORD} -eq 3 ]] ; then
                COMPREPLY=( $(compgen -W "${opts}" -- "${cur}") )
                return 0
            fi
            case "${prev}" in
                *)
                    COMPREPLY=()
                    ;;
            esac
            COMPREPLY=( $(compgen -W "${opts}" -- "${cur}") )
            return 0
            ;;
        gh__log__help__view)
            opts=""
            if [[ ${cur} == -* || ${COMP_CWORD} -eq 3 ]] ; then
                COMPREPLY=( $(compgen -W "${opts}" -- "${cur}") )
                return 0
            fi
            case "${prev}" in
                *)
                    COMPREPLY=()
                    ;;
            esac
            COMPREPLY=( $(compgen -W "${opts}" -- "${cur}") )
            return 0
            ;;
        gh__log__print)
            opts="-h --month --force --json --csv --help"
            if [[ ${cur} == -* || ${COMP_CWORD} -eq 2 ]] ; then
                COMPREPLY=( $(compgen -W "${opts}" -- "${cur}") )
                return 0
            fi
            case "${prev}" in
                --month)
                    COMPREPLY=($(compgen -f "${cur}"))
                    return 0
                    ;;
                *)
                    COMPREPLY=()
                    ;;
            esac
            COMPREPLY=( $(compgen -W "${opts}" -- "${cur}") )
            return 0
            ;;
        gh__log__view)
            opts="-h --month --force --help"
            if [[ ${cur} == -* || ${COMP_CWORD} -eq 2 ]] ; then
                COMPREPLY=( $(compgen -W "${opts}" -- "${cur}") )
                return 0
            fi
            case "${prev}" in
                --month)
                    COMPREPLY=($(compgen -f "${cur}"))
                    return 0
                    ;;
                *)
                    COMPREPLY=()
                    ;;
            esac
            COMPREPLY=( $(compgen -W "${opts}" -- "${cur}") )
            return 0
            ;;
    esac
}

if [[ "${BASH_VERSINFO[0]}" -eq 4 && "${BASH_VERSINFO[1]}" -ge 4 || "${BASH_VERSINFO[0]}" -gt 4 ]]; then
    complete -F _gh-log -o nosort -o bashdefault -o default gh-log
else
    complete -F _gh-log -o bashdefault -o default gh-log
fi
