---
source: tests/cli_tests.rs
expression: stdout
---
GitHub PR analytics for your terminal

Usage: gh-log <COMMAND>

Commands:
  view    Interactive TUI - press 's' summary, 'd' detail (cycles by week/repo), 't' tail, 'q' quit
  print   Print PRs as text/json/csv - pipe to LLMs, clipboard, or files
  config  Create/edit config - exclude/ignore repos, customize PR size thresholds
  doctor  Verify GitHub CLI (gh) is installed and show cache/config paths
  help    Print this message or the help of the given subcommand(s)

Options:
  -h, --help     Print help (see more with '--help')
  -V, --version  Print version
